engine/lighting/Light.class
engine/behavior/Event.class
engine/behavior/IUpdateable.class
engine/math/MathUtils.class
engine/behavior/Actor.class
engine/core/Window.class
engine/camera/Camera.class
engine/ui/UIPanel.class
engine/lighting/LightManager.class
engine/input/Input$Mouse.class
engine/asset/PrefabManager$PrefabManifest.class
engine/behavior/IAnimatable.class
engine/asset/AssetLoader$AssetConvention.class
engine/input/Input$3.class
engine/asset/AssetLoader.class
engine/render/Renderer.class
engine/asset/AssetFactory.class
engine/util/Constants.class
engine/behavior/IInteractable.class
engine/behavior/ICollidable.class
engine/asset/AssetRegistry.class
engine/input/Input.class
engine/texture/Texture.class
engine/behavior/GameObject.class
engine/asset/PrefabManager$Prefab.class
engine/asset/AssetLoader$AssetMetadata.class
engine/model/ModelLoader$OBJFace.class
engine/asset/AssetLoader$AssetMetadata$SocketData.class
engine/util/Config.class
engine/input/Input$2.class
engine/asset/AssetRegistry$AssetManifest.class
engine/asset/SocketSystem.class
engine/behavior/TransformNode.class
engine/ui/UIManager.class
engine/util/Logger.class
engine/animation/Keyframe.class
engine/physics/Physics.class
engine/scene/Scene.class
engine/asset/PrefabManager.class
engine/model/Model.class
engine/input/Input$1.class
engine/entity/Entity.class
engine/audio/AudioManager.class
engine/ui/UIElement.class
engine/behavior/IRenderable.class
engine/animation/Animation.class
engine/animation/Animator.class
engine/debug/DebugOverlay.class
engine/behavior/ISavable.class
engine/input/Input$4.class
engine/input/Input$Keys.class
engine/asset/SocketSystem$Socket.class
engine/util/FileUtils.class
engine/model/Mesh.class
engine/core/Engine.class
engine/asset/AssetRegistry$AttachmentPoint.class
engine/terrain/Terrain.class
engine/shader/Shader.class
engine/shader/ShaderProgram.class
engine/behavior/ISelectable.class
engine/model/ModelLoader.class
