/home/abhishek/Coding/VIBE CODING/JAVA GRAPHICS/JAVA GAME ENGINE/engine-core/src/main/java/engine/animation/Animation.java
/home/abhishek/Coding/VIBE CODING/JAVA GRAPHICS/JAVA GAME ENGINE/engine-core/src/main/java/engine/animation/Animator.java
/home/abhishek/Coding/VIBE CODING/JAVA GRAPHICS/JAVA GAME ENGINE/engine-core/src/main/java/engine/animation/Keyframe.java
/home/abhishek/Coding/VIBE CODING/JAVA GRAPHICS/JAVA GAME ENGINE/engine-core/src/main/java/engine/asset/AssetFactory.java
/home/abhishek/Coding/VIBE CODING/JAVA GRAPHICS/JAVA GAME ENGINE/engine-core/src/main/java/engine/asset/AssetLoader.java
/home/abhishek/Coding/VIBE CODING/JAVA GRAPHICS/JAVA GAME ENGINE/engine-core/src/main/java/engine/asset/AssetRegistry.java
/home/abhishek/Coding/VIBE CODING/JAVA GRAPHICS/JAVA GAME ENGINE/engine-core/src/main/java/engine/asset/PrefabManager.java
/home/abhishek/Coding/VIBE CODING/JAVA GRAPHICS/JAVA GAME ENGINE/engine-core/src/main/java/engine/asset/SocketSystem.java
/home/abhishek/Coding/VIBE CODING/JAVA GRAPHICS/JAVA GAME ENGINE/engine-core/src/main/java/engine/audio/AudioManager.java
/home/abhishek/Coding/VIBE CODING/JAVA GRAPHICS/JAVA GAME ENGINE/engine-core/src/main/java/engine/behavior/Actor.java
/home/abhishek/Coding/VIBE CODING/JAVA GRAPHICS/JAVA GAME ENGINE/engine-core/src/main/java/engine/behavior/Event.java
/home/abhishek/Coding/VIBE CODING/JAVA GRAPHICS/JAVA GAME ENGINE/engine-core/src/main/java/engine/behavior/GameObject.java
/home/abhishek/Coding/VIBE CODING/JAVA GRAPHICS/JAVA GAME ENGINE/engine-core/src/main/java/engine/behavior/IAnimatable.java
/home/abhishek/Coding/VIBE CODING/JAVA GRAPHICS/JAVA GAME ENGINE/engine-core/src/main/java/engine/behavior/ICollidable.java
/home/abhishek/Coding/VIBE CODING/JAVA GRAPHICS/JAVA GAME ENGINE/engine-core/src/main/java/engine/behavior/IInteractable.java
/home/abhishek/Coding/VIBE CODING/JAVA GRAPHICS/JAVA GAME ENGINE/engine-core/src/main/java/engine/behavior/IRenderable.java
/home/abhishek/Coding/VIBE CODING/JAVA GRAPHICS/JAVA GAME ENGINE/engine-core/src/main/java/engine/behavior/ISavable.java
/home/abhishek/Coding/VIBE CODING/JAVA GRAPHICS/JAVA GAME ENGINE/engine-core/src/main/java/engine/behavior/ISelectable.java
/home/abhishek/Coding/VIBE CODING/JAVA GRAPHICS/JAVA GAME ENGINE/engine-core/src/main/java/engine/behavior/IUpdateable.java
/home/abhishek/Coding/VIBE CODING/JAVA GRAPHICS/JAVA GAME ENGINE/engine-core/src/main/java/engine/behavior/TransformNode.java
/home/abhishek/Coding/VIBE CODING/JAVA GRAPHICS/JAVA GAME ENGINE/engine-core/src/main/java/engine/camera/Camera.java
/home/abhishek/Coding/VIBE CODING/JAVA GRAPHICS/JAVA GAME ENGINE/engine-core/src/main/java/engine/core/Engine.java
/home/abhishek/Coding/VIBE CODING/JAVA GRAPHICS/JAVA GAME ENGINE/engine-core/src/main/java/engine/core/Window.java
/home/abhishek/Coding/VIBE CODING/JAVA GRAPHICS/JAVA GAME ENGINE/engine-core/src/main/java/engine/debug/DebugOverlay.java
/home/abhishek/Coding/VIBE CODING/JAVA GRAPHICS/JAVA GAME ENGINE/engine-core/src/main/java/engine/entity/Entity.java
/home/abhishek/Coding/VIBE CODING/JAVA GRAPHICS/JAVA GAME ENGINE/engine-core/src/main/java/engine/input/Input.java
/home/abhishek/Coding/VIBE CODING/JAVA GRAPHICS/JAVA GAME ENGINE/engine-core/src/main/java/engine/lighting/Light.java
/home/abhishek/Coding/VIBE CODING/JAVA GRAPHICS/JAVA GAME ENGINE/engine-core/src/main/java/engine/lighting/LightManager.java
/home/abhishek/Coding/VIBE CODING/JAVA GRAPHICS/JAVA GAME ENGINE/engine-core/src/main/java/engine/math/MathUtils.java
/home/abhishek/Coding/VIBE CODING/JAVA GRAPHICS/JAVA GAME ENGINE/engine-core/src/main/java/engine/model/Mesh.java
/home/abhishek/Coding/VIBE CODING/JAVA GRAPHICS/JAVA GAME ENGINE/engine-core/src/main/java/engine/model/Model.java
/home/abhishek/Coding/VIBE CODING/JAVA GRAPHICS/JAVA GAME ENGINE/engine-core/src/main/java/engine/model/ModelLoader.java
/home/abhishek/Coding/VIBE CODING/JAVA GRAPHICS/JAVA GAME ENGINE/engine-core/src/main/java/engine/physics/Physics.java
/home/abhishek/Coding/VIBE CODING/JAVA GRAPHICS/JAVA GAME ENGINE/engine-core/src/main/java/engine/render/Renderer.java
/home/abhishek/Coding/VIBE CODING/JAVA GRAPHICS/JAVA GAME ENGINE/engine-core/src/main/java/engine/scene/Scene.java
/home/abhishek/Coding/VIBE CODING/JAVA GRAPHICS/JAVA GAME ENGINE/engine-core/src/main/java/engine/shader/Shader.java
/home/abhishek/Coding/VIBE CODING/JAVA GRAPHICS/JAVA GAME ENGINE/engine-core/src/main/java/engine/shader/ShaderProgram.java
/home/abhishek/Coding/VIBE CODING/JAVA GRAPHICS/JAVA GAME ENGINE/engine-core/src/main/java/engine/terrain/Terrain.java
/home/abhishek/Coding/VIBE CODING/JAVA GRAPHICS/JAVA GAME ENGINE/engine-core/src/main/java/engine/texture/Texture.java
/home/abhishek/Coding/VIBE CODING/JAVA GRAPHICS/JAVA GAME ENGINE/engine-core/src/main/java/engine/ui/UIElement.java
/home/abhishek/Coding/VIBE CODING/JAVA GRAPHICS/JAVA GAME ENGINE/engine-core/src/main/java/engine/ui/UIManager.java
/home/abhishek/Coding/VIBE CODING/JAVA GRAPHICS/JAVA GAME ENGINE/engine-core/src/main/java/engine/ui/UIPanel.java
/home/abhishek/Coding/VIBE CODING/JAVA GRAPHICS/JAVA GAME ENGINE/engine-core/src/main/java/engine/util/Config.java
/home/abhishek/Coding/VIBE CODING/JAVA GRAPHICS/JAVA GAME ENGINE/engine-core/src/main/java/engine/util/Constants.java
/home/abhishek/Coding/VIBE CODING/JAVA GRAPHICS/JAVA GAME ENGINE/engine-core/src/main/java/engine/util/FileUtils.java
/home/abhishek/Coding/VIBE CODING/JAVA GRAPHICS/JAVA GAME ENGINE/engine-core/src/main/java/engine/util/Logger.java
